// Jest Snapshot v1, https://goo.gl/fbAQLP

exports[`Pruebas para <AddCategory /> Debe mostrarse de manera correcta 1`] = `
<form
  onSubmit={[Function]}
>
  <input
    onChange={[Function]}
    type="text"
    value=""
  />
</form>
`;
