// Jest Snapshot v1, https://goo.gl/fbAQLP

exports[`Pruebas para <GifGridItem /> Prueba de que  GifGridItem se renderiza como queremos 1`] = `
<div
  className="card animate__animated animate__fadeIn"
>
  <img
    alt="Imagen categoria"
    src="http://localhost/image.jpg"
  />
  <p>
    Imagen categoria
  </p>
</div>
`;
